venv\Scripts\python 
: 2026-01-03 
01:28:19,176 | INFO 
| 
test_exception.py:10 
| Division by zero 
error
At line:1 char:1
+ 
venv\Scripts\python 
test_exception.py 2> 
test_output.txt
+ ~~~~~~~~~~~~~~~~~~~
~~~~~~~~~~~~~~~~~~~~~
~~~~~~~~~~~~~~~~
    + CategoryInfo   
           : NotSpe  
  cified: (2026-01   
 -03 01:2...n by     
zero error:Strin    
g) [], RemoteExc    
eption
    + FullyQualified 
   ErrorId : Native  
  CommandError
 
Traceback (most 
recent call last):
  File "C:\Users\aksh
a\AgriX\test_exceptio
n.py", line 8, in 
<module>
    a = 1 / 0
        ~~^~~
ZeroDivisionError: 
division by zero

During handling of 
the above exception, 
another exception 
occurred:

Traceback (most 
recent call last):
  File "C:\Users\aksh
a\AgriX\test_exceptio
n.py", line 11, in 
<module>
    raise 
CustomException(e, 
sys)
exception.CustomExcep
tion: Error occurred 
in python script 
name [C:\Users\aksha\
AgriX\test_exception.
py] line number [8] 
error message 
[division by zero]
